// Jest Snapshot v1, https://goo.gl/fbAQLP

exports[`Render Header Post Links Form Match with the snapshot 1`] = `<View />`;
