// Jest Snapshot v1, https://goo.gl/fbAQLP

exports[`renders correctly 1`] = `
<View
  style={
    Object {
      "alignItems": "center",
      "flex": 1,
      "flexDirection": "column",
      "justifyContent": "flex-start",
    }
  }
>
  <View
    style={
      Object {
        "backgroundColor": "#006C84",
        "borderBottomLeftRadius": 100,
        "borderBottomRightRadius": 100,
        "marginBottom": 11.770588235294117,
        "paddingLeft": 45,
        "paddingRight": 41.19705882352941,
        "paddingTop": "5%",
      }
    }
  />
  <Text
    allowFontScaling={false}
    style={
      Array [
        Object {
          "color": undefined,
          "fontSize": 21,
        },
        Object {
          "color": "#006C84",
          "marginTop": 5.885294117647058,
          "textAlign": "center",
        },
        Object {
          "fontFamily": "icomoon",
          "fontStyle": "normal",
          "fontWeight": "normal",
        },
        Object {},
      ]
    }
  >
    î¤„
  </Text>
</View>
`;
