// Jest Snapshot v1, https://goo.gl/fbAQLP

exports[`Render Header Post View Test Match with the snapshot 1`] = `
<View
  style={
    Array [
      Object {
        "alignItems": "center",
        "backgroundColor": "white",
        "display": "flex",
        "elevation": 8,
        "flexDirection": "row",
        "justifyContent": "space-between",
        "maxWidth": "100%",
        "paddingVertical": "2%",
        "shadowColor": "#000",
        "shadowOffset": Object {
          "height": 2,
          "width": 0,
        },
        "shadowOpacity": 0.23,
        "shadowRadius": 2.62,
        "width": "100%",
      },
      undefined,
      Object {
        "paddingTop": undefined,
      },
    ]
  }
/>
`;
